// Jest Snapshot v1, https://goo.gl/fbAQLP

exports[`Delete Cab renders 1`] = `
<div
  className="h-screen flex flex-col items-center  bg-lime-50 space-y-4 pt-20 text-lime-800 md:px-10 lg:px-20"
>
  <h1
    className="text-3xl text-center font-bold tracking-widest"
  >
    Delete Cab
  </h1>
  <hr
    className="border-dotted w-[300px]  font-bold text-2xl border-[3px]"
  />
  <section
    className="flex justify-center pt-20 text-lime-800 items-center"
  >
    <h1
      className="text-2xl text-center font-bold tracking-widest"
    >
      No cabs available...
    </h1>
  </section>
  <ul
    className="flex flex-col gap-8 w-full p-6 items-center"
  />
</div>
`;
